// Jest Snapshot v1, https://goo.gl/fbAQLP

exports[`matches snapshot 1`] = `
<tr>
  <td />
  <td />
  <td />
  <td />
</tr>
`;
